========================================
Job ID   : 5416429
Node     : nid010853
Start    : Mon Jun 29 07:20:56 AM UTC 2026
========================================

>>> [Step 1] run_experiment.py
----------------------------------------
 n_b   p   Paper_best     GVNS_best GVNS_gap% GVNS_#best GVNS_t(s)     NVNS_best NVNS_gap% NVNS_#best NVNS_t(s)
-------------------------------------------------------------------------------------------------------------------
   4   3   2761005.56    2761005.56    +0.000%         10      8.87s    2761005.56    +0.000%         10      2.83s
     GVNS hubs (idx=[5, 9, 14]): (39.8312,116.3312), (39.9188,116.3312), (40.0062,116.4188)
   6   3   2541079.56    2541079.56    -0.000%         10    120.24s    2541079.56    -0.000%         10     22.83s
     GVNS hubs (idx=[20, 22, 26]): (39.9042,116.3458), (39.9042,116.4625), (39.9625,116.3458)
   8   3   2980902.29    2980902.29    +0.000%         10    120.99s    2980902.29    +0.000%         10     74.72s
     GVNS hubs (idx=[28, 34, 51]): (39.8531,116.3969), (39.8969,116.3094), (39.9844,116.3531)
   4   5   2484384.31    2484384.31    +0.000%         10     25.44s    2484384.31    +0.000%         10      6.45s
     GVNS hubs (idx=[5, 6, 9, 12, 14]): (39.8312,116.3312), (39.8312,116.4188), (39.9188,116.3312), (40.0062,116.2438), (40.0062,116.4188)
   6   5   2186157.97    2186157.97    +0.000%         10    121.38s    2186157.97    +0.000%         10     63.19s
     GVNS hubs (idx=[15, 20, 22, 26, 27]): (39.8458,116.4042), (39.9042,116.3458), (39.9042,116.4625), (39.9625,116.3458), (39.9625,116.4042)
   8   5   2614842.36    2614842.36    -0.000%         10    127.93s    2614842.36    -0.000%          9    120.53s
     GVNS hubs (idx=[27, 29, 34, 46, 51]): (39.8531,116.3531), (39.8531,116.4406), (39.8969,116.3094), (39.9406,116.4844), (39.9844,116.3531)
  10   2   3034998.67    3034998.67    -0.000%         10    121.19s    3034998.67    -0.000%         10     77.88s
     GVNS hubs (idx=[44, 75]): (39.8575,116.3575), (39.9625,116.3925)
  10   5   2462767.00    2462767.04    +0.000%         10    167.47s    2462767.04    +0.000%         10    121.83s
     GVNS hubs (idx=[44, 46, 63, 76, 83]): (39.8575,116.3575), (39.8575,116.4275), (39.9275,116.3225), (39.9625,116.4275), (39.9975,116.3225)
  10  10   2211559.09    2211559.09    +0.000%         10    630.98s    2211559.09    +0.000%         10    122.95s
     GVNS hubs (idx=[23, 44, 46, 52, 58, 63, 75, 76, 83, 87]): (39.7875,116.3225), (39.8575,116.3575), (39.8575,116.4275), (39.8925,116.2875), (39.8925,116.4975), (39.9275,116.3225), (39.9625,116.3925), (39.9625,116.4275), (39.9975,116.3225), (39.9975,116.4625)

Hub coordinates saved to /home/b5by/zhirong.b5by/work/ScalableVertiportHLP/Results/hub_coordinates.csv
----------------------------------------
run_experiment.py exit code: 0

>>> [Step 2] visualize_hubs.py
----------------------------------------

>>> n_b=15, p=10
  [n_b=15, p=10] trial 1: obj=2162308.85, t=261.9s
  [n_b=15, p=10] trial 2: obj=2162308.85, t=259.1s
  [n_b=15, p=10] trial 3: obj=2162308.85, t=258.1s
    Best obj = 2162308.85
    Hub grid indices: [50, 71, 98, 109, 131, 140, 145, 171, 174, 185]
    H 1  (39.78167, 116.32833)
    H 2  (39.80500, 116.46833)
    H 3  (39.85167, 116.39833)
    H 4  (39.87500, 116.30500)
    H 5  (39.89833, 116.46833)
    H 6  (39.92167, 116.32833)
    H 7  (39.92167, 116.44500)
    H 8  (39.96833, 116.35167)
    H 9  (39.96833, 116.42167)
    H10  (39.99167, 116.32833)
  Saved → /home/b5by/zhirong.b5by/work/ScalableVertiportHLP/Results/hub_map_nb15_p10.png

>>> n_b=20, p=10
  [n_b=20, p=10] trial 1: obj=2010674.49, t=126.3s
