========================================
Job ID   : 5419010
Node     : nid011188
Start    : Mon Jun 29 10:32:44 AM UTC 2026
========================================

>>> n_b=15, p=10
  [n_b=15, p=10] trial 1: obj=2162308.85, t=268.6s
  [n_b=15, p=10] trial 2: obj=2162308.85, t=261.7s
  [n_b=15, p=10] trial 3: obj=2162308.85, t=258.9s
    Best obj = 2162308.85
    Hub grid indices: [50, 71, 98, 109, 131, 140, 145, 171, 174, 185]
    H 1  (39.78167, 116.32833)
    H 2  (39.80500, 116.46833)
    H 3  (39.85167, 116.39833)
    H 4  (39.87500, 116.30500)
    H 5  (39.89833, 116.46833)
    H 6  (39.92167, 116.32833)
    H 7  (39.92167, 116.44500)
    H 8  (39.96833, 116.35167)
    H 9  (39.96833, 116.42167)
    H10  (39.99167, 116.32833)
  Saved → /home/b5by/zhirong.b5by/work/ScalableVertiportHLP/Results/hub_map_nb15_p10.png

>>> n_b=20, p=10
  [n_b=20, p=10] trial 1: obj=2010674.49, t=121.2s
  [n_b=20, p=10] trial 2: obj=2010674.49, t=121.2s
  [n_b=20, p=10] trial 3: obj=2010674.49, t=120.8s
    Best obj = 2010674.49
    Hub grid indices: [108, 189, 193, 206, 245, 248, 253, 306, 329, 333]
    H 1  (39.79625, 116.34875)
    H 2  (39.86625, 116.36625)
    H 3  (39.86625, 116.43625)
    H 4  (39.88375, 116.31375)
    H 5  (39.91875, 116.29625)
    H 6  (39.91875, 116.34875)
    H 7  (39.91875, 116.43625)
    H 8  (39.97125, 116.31375)
    H 9  (39.98875, 116.36625)
    H10  (39.98875, 116.43625)
  Saved → /home/b5by/zhirong.b5by/work/ScalableVertiportHLP/Results/hub_map_nb20_p10.png

>>> n_b=25, p=10
  [n_b=25, p=10] trial 1: obj=2092496.19, t=141.7s
  [n_b=25, p=10] trial 2: obj=2086897.91, t=126.1s
  [n_b=25, p=10] trial 3: obj=2079930.66, t=122.6s
    Best obj = 2079930.66
    Hub grid indices: [160, 289, 333, 360, 366, 369, 435, 442, 508, 514]
    H 1  (39.79100, 116.34700)
    H 2  (39.86100, 116.40300)
    H 3  (39.88900, 116.31900)
    H 4  (39.90300, 116.34700)
    H 5  (39.90300, 116.43100)
    H 6  (39.90300, 116.47300)
    H 7  (39.94500, 116.34700)
    H 8  (39.94500, 116.44500)
    H 9  (39.98700, 116.31900)
    H10  (39.98700, 116.40300)
  Saved → /home/b5by/zhirong.b5by/work/ScalableVertiportHLP/Results/hub_map_nb25_p10.png

Done.
========================================
End: Mon Jun 29 10:59:33 AM UTC 2026
Exit code: 0
========================================
