vertiports=30  bins=1392  fleet=600 vehicles
Restricted license - for non-production use only - expires 2027-11-29
[bin 0/1392] met=17 unmet=0 in_service=17 rebalanced=0
[bin 100/1392] met=7 unmet=2 in_service=7 rebalanced=0
[bin 200/1392] met=2 unmet=0 in_service=2 rebalanced=0
[bin 300/1392] met=27 unmet=11 in_service=27 rebalanced=0
[bin 400/1392] met=19 unmet=20 in_service=93 rebalanced=74
[bin 500/1392] met=27 unmet=2 in_service=27 rebalanced=0
[bin 600/1392] met=33 unmet=4 in_service=33 rebalanced=0
[bin 700/1392] met=37 unmet=20 in_service=37 rebalanced=0
[bin 800/1392] met=34 unmet=41 in_service=143 rebalanced=109
[bin 900/1392] met=28 unmet=0 in_service=28 rebalanced=0
[bin 1000/1392] met=31 unmet=6 in_service=31 rebalanced=0
[bin 1100/1392] met=25 unmet=13 in_service=25 rebalanced=0
[bin 1200/1392] met=14 unmet=6 in_service=28 rebalanced=14
[bin 1300/1392] met=1 unmet=2 in_service=1 rebalanced=0
simulation finished in 1.8s
****************************************
vehicles_per_vertiport=20  fleet_size=600
total real demand introduced: 32412
total met: 32396  total unmet (per-bin, incl. carryover): 12486
assignment_ratio (分配率, met/(met+unmet)): 0.7218
big_picture_assignment_ratio (met/real_flow): 0.9995
cumulative operating+transport cost: 5545690.9
saved -> /home/b5by/zhirong.b5by/work/shanghai_new/outputs/fleet_sim/run_summary_ri16.csv
