vertiports=30  bins=1392  fleet=600 vehicles
Restricted license - for non-production use only - expires 2027-11-29
[bin 0/1392] met=60 unmet=0 in_service=60 rebalanced=0
[bin 100/1392] met=12 unmet=1952 in_service=12 rebalanced=0
[bin 200/1392] met=15 unmet=5331 in_service=15 rebalanced=0
[bin 300/1392] met=14 unmet=9897 in_service=14 rebalanced=0
[bin 400/1392] met=33 unmet=15624 in_service=33 rebalanced=0
[bin 500/1392] met=15 unmet=21802 in_service=15 rebalanced=0
[bin 600/1392] met=16 unmet=27700 in_service=16 rebalanced=0
[bin 700/1392] met=11 unmet=34973 in_service=11 rebalanced=0
[bin 800/1392] met=21 unmet=42586 in_service=21 rebalanced=0
[bin 900/1392] met=10 unmet=48787 in_service=10 rebalanced=0
[bin 1000/1392] met=9 unmet=55767 in_service=9 rebalanced=0
[bin 1100/1392] met=17 unmet=62725 in_service=17 rebalanced=0
[bin 1200/1392] met=10 unmet=68572 in_service=10 rebalanced=0
[bin 1300/1392] met=4 unmet=75348 in_service=4 rebalanced=0
simulation finished in 7.4s
****************************************
vehicles_per_vertiport=20  fleet_size=600
total real demand introduced: 109287
total met: 27795  total unmet (per-bin, incl. carryover): 50474445
assignment_ratio (分配率, met/(met+unmet)): 0.0006
big_picture_assignment_ratio (met/real_flow): 0.2543
cumulative operating+transport cost: 5137296.5
saved -> /home/b5by/zhirong.b5by/work/shanghai_new/outputs/fleet_sim/run_summary_fleet20.csv
