vertiports=30  bins=1392  fleet=600 vehicles
Restricted license - for non-production use only - expires 2027-11-29
[bin 0/1392] met=17 unmet=0 in_service=17 rebalanced=0
[bin 100/1392] met=6 unmet=2 in_service=6 rebalanced=0
[bin 200/1392] met=2 unmet=0 in_service=3 rebalanced=1
[bin 300/1392] met=31 unmet=4 in_service=31 rebalanced=0
[bin 400/1392] met=20 unmet=17 in_service=93 rebalanced=73
[bin 500/1392] met=27 unmet=3 in_service=27 rebalanced=0
[bin 600/1392] met=31 unmet=6 in_service=79 rebalanced=48
[bin 700/1392] met=35 unmet=0 in_service=35 rebalanced=0
[bin 800/1392] met=33 unmet=12 in_service=73 rebalanced=40
[bin 900/1392] met=28 unmet=0 in_service=28 rebalanced=0
[bin 1000/1392] met=31 unmet=5 in_service=37 rebalanced=6
[bin 1100/1392] met=24 unmet=0 in_service=24 rebalanced=0
[bin 1200/1392] met=16 unmet=0 in_service=18 rebalanced=2
[bin 1300/1392] met=1 unmet=4 in_service=1 rebalanced=0
simulation finished in 1.6s
****************************************
vehicles_per_vertiport=20  fleet_size=600
total real demand introduced: 32412
total met: 32406  total unmet (per-bin, incl. carryover): 6408
assignment_ratio (分配率, met/(met+unmet)): 0.8349
big_picture_assignment_ratio (met/real_flow): 0.9998
cumulative operating+transport cost: 5548603.0
saved -> /home/b5by/zhirong.b5by/work/shanghai_new/outputs/fleet_sim/run_summary_ri8.csv
