device: cuda:0
train/val/test samples: 1008 144 144
in_dim=2  out_dim=2  lookback=48  n_sites=30
params: 27682
epoch 0 time 0.7s train_loss 2.588170 val_loss 1.224293
epoch 1 time 0.0s train_loss 0.765470 val_loss 0.453502
epoch 2 time 0.0s train_loss 0.461905 val_loss 0.346723
epoch 3 time 0.1s train_loss 0.350952 val_loss 0.249164
epoch 4 time 0.0s train_loss 0.286844 val_loss 0.235667
epoch 5 time 0.0s train_loss 0.255757 val_loss 0.220537
epoch 6 time 0.0s train_loss 0.233882 val_loss 0.203268
epoch 7 time 0.0s train_loss 0.218584 val_loss 0.191024
epoch 8 time 0.0s train_loss 0.208442 val_loss 0.183452
epoch 9 time 0.0s train_loss 0.200321 val_loss 0.177762
epoch 10 time 0.0s train_loss 0.194329 val_loss 0.172214
epoch 11 time 0.0s train_loss 0.189505 val_loss 0.168681
epoch 12 time 0.0s train_loss 0.185148 val_loss 0.165755
epoch 13 time 0.0s train_loss 0.182911 val_loss 0.162634
epoch 14 time 0.0s train_loss 0.180052 val_loss 0.160760
epoch 15 time 0.0s train_loss 0.177856 val_loss 0.159193
epoch 16 time 0.0s train_loss 0.175571 val_loss 0.157723
epoch 17 time 0.0s train_loss 0.174263 val_loss 0.156700
epoch 18 time 0.0s train_loss 0.173320 val_loss 0.155683
epoch 19 time 0.0s train_loss 0.172103 val_loss 0.154027
epoch 20 time 0.0s train_loss 0.170960 val_loss 0.154105
epoch 21 time 0.0s train_loss 0.169645 val_loss 0.152347
epoch 22 time 0.0s train_loss 0.168500 val_loss 0.151463
epoch 23 time 0.0s train_loss 0.167880 val_loss 0.151632
epoch 24 time 0.0s train_loss 0.167283 val_loss 0.150683
epoch 25 time 0.0s train_loss 0.166864 val_loss 0.150244
epoch 26 time 0.0s train_loss 0.165904 val_loss 0.148435
epoch 27 time 0.0s train_loss 0.165200 val_loss 0.148969
epoch 28 time 0.0s train_loss 0.164396 val_loss 0.148428
epoch 29 time 0.0s train_loss 0.164422 val_loss 0.148452
epoch 30 time 0.0s train_loss 0.163360 val_loss 0.146510
epoch 31 time 0.0s train_loss 0.162150 val_loss 0.145750
epoch 32 time 0.0s train_loss 0.161859 val_loss 0.145813
epoch 33 time 0.0s train_loss 0.161535 val_loss 0.144905
epoch 34 time 0.0s train_loss 0.161142 val_loss 0.144648
epoch 35 time 0.0s train_loss 0.160362 val_loss 0.144368
epoch 36 time 0.0s train_loss 0.160102 val_loss 0.143691
epoch 37 time 0.0s train_loss 0.159633 val_loss 0.143629
epoch 38 time 0.0s train_loss 0.159112 val_loss 0.143921
epoch 39 time 0.0s train_loss 0.158704 val_loss 0.143421
epoch 40 time 0.0s train_loss 0.158310 val_loss 0.142997
epoch 41 time 0.0s train_loss 0.157916 val_loss 0.142313
epoch 42 time 0.0s train_loss 0.157514 val_loss 0.141947
epoch 43 time 0.0s train_loss 0.157141 val_loss 0.142704
epoch 44 time 0.0s train_loss 0.157300 val_loss 0.142010
epoch 45 time 0.0s train_loss 0.157157 val_loss 0.142127
epoch 46 time 0.0s train_loss 0.156137 val_loss 0.141484
epoch 47 time 0.0s train_loss 0.156204 val_loss 0.141463
epoch 48 time 0.0s train_loss 0.156328 val_loss 0.142631
epoch 49 time 0.0s train_loss 0.156173 val_loss 0.140742
epoch 50 time 0.0s train_loss 0.154912 val_loss 0.140533
epoch 51 time 0.0s train_loss 0.154715 val_loss 0.140396
epoch 52 time 0.0s train_loss 0.154691 val_loss 0.140437
epoch 53 time 0.0s train_loss 0.154215 val_loss 0.139851
epoch 54 time 0.0s train_loss 0.154146 val_loss 0.139871
epoch 55 time 0.0s train_loss 0.154242 val_loss 0.139996
epoch 56 time 0.0s train_loss 0.154239 val_loss 0.140488
epoch 57 time 0.0s train_loss 0.154012 val_loss 0.140896
epoch 58 time 0.0s train_loss 0.153593 val_loss 0.139874
epoch 59 time 0.0s train_loss 0.152393 val_loss 0.139013
epoch 60 time 0.0s train_loss 0.152654 val_loss 0.139233
epoch 61 time 0.0s train_loss 0.152219 val_loss 0.139421
epoch 62 time 0.0s train_loss 0.152162 val_loss 0.140405
epoch 63 time 0.0s train_loss 0.153080 val_loss 0.141694
epoch 64 time 0.0s train_loss 0.153495 val_loss 0.139772
epoch 65 time 0.0s train_loss 0.152924 val_loss 0.140018
epoch 66 time 0.0s train_loss 0.152541 val_loss 0.141016
epoch 67 time 0.0s train_loss 0.151522 val_loss 0.138731
epoch 68 time 0.0s train_loss 0.151051 val_loss 0.138541
epoch 69 time 0.0s train_loss 0.150614 val_loss 0.139089
epoch 70 time 0.0s train_loss 0.151054 val_loss 0.140083
epoch 71 time 0.0s train_loss 0.150882 val_loss 0.141172
epoch 72 time 0.0s train_loss 0.150429 val_loss 0.138006
epoch 73 time 0.0s train_loss 0.149601 val_loss 0.137540
epoch 74 time 0.0s train_loss 0.149544 val_loss 0.138144
epoch 75 time 0.0s train_loss 0.149153 val_loss 0.138367
epoch 76 time 0.0s train_loss 0.149009 val_loss 0.137847
epoch 77 time 0.0s train_loss 0.149187 val_loss 0.137705
epoch 78 time 0.0s train_loss 0.148787 val_loss 0.137307
epoch 79 time 0.0s train_loss 0.148632 val_loss 0.137575
epoch 80 time 0.0s train_loss 0.148213 val_loss 0.139509
epoch 81 time 0.0s train_loss 0.148381 val_loss 0.137470
epoch 82 time 0.0s train_loss 0.147591 val_loss 0.137246
epoch 83 time 0.0s train_loss 0.147571 val_loss 0.137239
epoch 84 time 0.0s train_loss 0.147589 val_loss 0.138575
epoch 85 time 0.0s train_loss 0.148104 val_loss 0.138298
epoch 86 time 0.0s train_loss 0.147848 val_loss 0.137338
epoch 87 time 0.0s train_loss 0.147406 val_loss 0.137780
epoch 88 time 0.0s train_loss 0.146887 val_loss 0.138370
epoch 89 time 0.0s train_loss 0.146929 val_loss 0.137859
epoch 90 time 0.0s train_loss 0.146541 val_loss 0.137576
epoch 91 time 0.0s train_loss 0.146311 val_loss 0.137044
epoch 92 time 0.0s train_loss 0.146243 val_loss 0.137187
epoch 93 time 0.0s train_loss 0.146122 val_loss 0.137124
epoch 94 time 0.0s train_loss 0.145693 val_loss 0.136881
epoch 95 time 0.0s train_loss 0.145659 val_loss 0.137102
epoch 96 time 0.0s train_loss 0.145381 val_loss 0.138601
epoch 97 time 0.0s train_loss 0.146747 val_loss 0.139017
epoch 98 time 0.0s train_loss 0.145773 val_loss 0.137394
epoch 99 time 0.0s train_loss 0.145103 val_loss 0.136703
test metrics (original space): {'MSE': 80.16658020019531, 'RMSE': 8.95357894897461, 'MAE': 4.6705546379089355, 'MAPE': 34.109832763671875, 'R2': 0.9384781718254089, 'PCC': 0.969059202208179}
saved run -> /home/b5by/zhirong.b5by/work/shanghai_new/outputs/save_shanghai_demand_gru/260707090253_89680
