device: cuda:0
train/val/test samples: 1008 144 144
in_dim=2  out_dim=2  feature_names=[np.str_('origin_demand'), np.str_('destination_demand')]
params: 34498
epoch 0 time 1.0s train_loss 1.010117 val_loss 0.608088
epoch 1 time 0.1s train_loss 0.384954 val_loss 0.242160
epoch 2 time 0.1s train_loss 0.248788 val_loss 0.197266
epoch 3 time 0.1s train_loss 0.213374 val_loss 0.177223
epoch 4 time 0.1s train_loss 0.204951 val_loss 0.172304
epoch 5 time 0.1s train_loss 0.202099 val_loss 0.170949
epoch 6 time 0.1s train_loss 0.200405 val_loss 0.169487
epoch 7 time 0.1s train_loss 0.198397 val_loss 0.168250
epoch 8 time 0.1s train_loss 0.196257 val_loss 0.166057
epoch 9 time 0.1s train_loss 0.194812 val_loss 0.164405
epoch 10 time 0.1s train_loss 0.191488 val_loss 0.163139
epoch 11 time 0.1s train_loss 0.190438 val_loss 0.161637
epoch 12 time 0.1s train_loss 0.188738 val_loss 0.160333
epoch 13 time 0.1s train_loss 0.188144 val_loss 0.160272
epoch 14 time 0.1s train_loss 0.187240 val_loss 0.159200
epoch 15 time 0.1s train_loss 0.186066 val_loss 0.158352
epoch 16 time 0.1s train_loss 0.185033 val_loss 0.157837
epoch 17 time 0.1s train_loss 0.184025 val_loss 0.157225
epoch 18 time 0.1s train_loss 0.184142 val_loss 0.156992
epoch 19 time 0.1s train_loss 0.182752 val_loss 0.156698
epoch 20 time 0.1s train_loss 0.182600 val_loss 0.156360
epoch 21 time 0.1s train_loss 0.181992 val_loss 0.155762
epoch 22 time 0.1s train_loss 0.181644 val_loss 0.155682
epoch 23 time 0.1s train_loss 0.180969 val_loss 0.155718
epoch 24 time 0.1s train_loss 0.180440 val_loss 0.155720
epoch 25 time 0.1s train_loss 0.179716 val_loss 0.155097
epoch 26 time 0.1s train_loss 0.179684 val_loss 0.155449
epoch 27 time 0.1s train_loss 0.179711 val_loss 0.155304
epoch 28 time 0.1s train_loss 0.179346 val_loss 0.153799
epoch 29 time 0.1s train_loss 0.178793 val_loss 0.153249
epoch 30 time 0.1s train_loss 0.177677 val_loss 0.153780
epoch 31 time 0.1s train_loss 0.177001 val_loss 0.154003
epoch 32 time 0.1s train_loss 0.177273 val_loss 0.151571
epoch 33 time 0.1s train_loss 0.175509 val_loss 0.150962
epoch 34 time 0.1s train_loss 0.175080 val_loss 0.150010
epoch 35 time 0.1s train_loss 0.174820 val_loss 0.150569
epoch 36 time 0.1s train_loss 0.173402 val_loss 0.148742
epoch 37 time 0.1s train_loss 0.172405 val_loss 0.147632
epoch 38 time 0.1s train_loss 0.171347 val_loss 0.146700
epoch 39 time 0.1s train_loss 0.170601 val_loss 0.146168
epoch 40 time 0.1s train_loss 0.169885 val_loss 0.144962
epoch 41 time 0.1s train_loss 0.168579 val_loss 0.143857
epoch 42 time 0.1s train_loss 0.167848 val_loss 0.142820
epoch 43 time 0.1s train_loss 0.166878 val_loss 0.141798
epoch 44 time 0.1s train_loss 0.165262 val_loss 0.142549
epoch 45 time 0.1s train_loss 0.165289 val_loss 0.142461
epoch 46 time 0.1s train_loss 0.163314 val_loss 0.139367
epoch 47 time 0.1s train_loss 0.161773 val_loss 0.139404
epoch 48 time 0.1s train_loss 0.161357 val_loss 0.139672
epoch 49 time 0.1s train_loss 0.162064 val_loss 0.141129
epoch 50 time 0.1s train_loss 0.161309 val_loss 0.139473
epoch 51 time 0.1s train_loss 0.160002 val_loss 0.139202
epoch 52 time 0.1s train_loss 0.159909 val_loss 0.137547
epoch 53 time 0.1s train_loss 0.158489 val_loss 0.137826
epoch 54 time 0.1s train_loss 0.158330 val_loss 0.137729
epoch 55 time 0.1s train_loss 0.158035 val_loss 0.137411
epoch 56 time 0.1s train_loss 0.158023 val_loss 0.137348
epoch 57 time 0.1s train_loss 0.159878 val_loss 0.137303
epoch 58 time 0.1s train_loss 0.157501 val_loss 0.137322
epoch 59 time 0.1s train_loss 0.158258 val_loss 0.139168
epoch 60 time 0.1s train_loss 0.158270 val_loss 0.139019
epoch 61 time 0.1s train_loss 0.157348 val_loss 0.136724
epoch 62 time 0.1s train_loss 0.157202 val_loss 0.137143
epoch 63 time 0.1s train_loss 0.157143 val_loss 0.137142
epoch 64 time 0.1s train_loss 0.156503 val_loss 0.136672
epoch 65 time 0.1s train_loss 0.157542 val_loss 0.138133
epoch 66 time 0.1s train_loss 0.157734 val_loss 0.136636
epoch 67 time 0.1s train_loss 0.157185 val_loss 0.138166
epoch 68 time 0.1s train_loss 0.157361 val_loss 0.136408
epoch 69 time 0.1s train_loss 0.155932 val_loss 0.135985
epoch 70 time 0.1s train_loss 0.155946 val_loss 0.136601
epoch 71 time 0.1s train_loss 0.156075 val_loss 0.138020
epoch 72 time 0.1s train_loss 0.155784 val_loss 0.135791
epoch 73 time 0.1s train_loss 0.155701 val_loss 0.135483
epoch 74 time 0.1s train_loss 0.155524 val_loss 0.140206
epoch 75 time 0.1s train_loss 0.155471 val_loss 0.136191
epoch 76 time 0.1s train_loss 0.156084 val_loss 0.135379
epoch 77 time 0.1s train_loss 0.155199 val_loss 0.135167
epoch 78 time 0.1s train_loss 0.154517 val_loss 0.137631
epoch 79 time 0.1s train_loss 0.155284 val_loss 0.135263
epoch 80 time 0.1s train_loss 0.154557 val_loss 0.135900
epoch 81 time 0.1s train_loss 0.154859 val_loss 0.135157
epoch 82 time 0.1s train_loss 0.154667 val_loss 0.135458
epoch 83 time 0.1s train_loss 0.154689 val_loss 0.134617
epoch 84 time 0.1s train_loss 0.154021 val_loss 0.134425
epoch 85 time 0.1s train_loss 0.154497 val_loss 0.134418
epoch 86 time 0.1s train_loss 0.154166 val_loss 0.134297
epoch 87 time 0.1s train_loss 0.153957 val_loss 0.134116
epoch 88 time 0.1s train_loss 0.154011 val_loss 0.133754
epoch 89 time 0.1s train_loss 0.153531 val_loss 0.134056
epoch 90 time 0.1s train_loss 0.153804 val_loss 0.133538
epoch 91 time 0.1s train_loss 0.153897 val_loss 0.133773
epoch 92 time 0.1s train_loss 0.153844 val_loss 0.133578
epoch 93 time 0.1s train_loss 0.153517 val_loss 0.134689
epoch 94 time 0.1s train_loss 0.153230 val_loss 0.134761
epoch 95 time 0.1s train_loss 0.153908 val_loss 0.133815
epoch 96 time 0.1s train_loss 0.153486 val_loss 0.133656
epoch 97 time 0.1s train_loss 0.153350 val_loss 0.132723
epoch 98 time 0.1s train_loss 0.153109 val_loss 0.133001
epoch 99 time 0.1s train_loss 0.152765 val_loss 0.132517
test metrics (original space): {'MSE': 124.30058288574219, 'RMSE': 11.149017333984375, 'MAE': 5.116297721862793, 'MAPE': 38.84638595581055, 'R2': 0.9046086668968201, 'PCC': 0.9511806581631451}
saved run -> /home/b5by/zhirong.b5by/work/shanghai_new/outputs/save_shanghai_demand_gru/260707074902
