device: cuda:0
train/val/test samples: 1008 144 144
in_dim=2  out_dim=2  n_sites=30  adjacency nonzero frac (off-diag)=0.249
params: 58690
epoch 0 time 1.1s train_loss 0.946716 val_loss 0.509243
epoch 1 time 0.1s train_loss 0.375573 val_loss 0.274494
epoch 2 time 0.1s train_loss 0.265937 val_loss 0.199740
epoch 3 time 0.1s train_loss 0.219935 val_loss 0.174402
epoch 4 time 0.1s train_loss 0.205857 val_loss 0.168038
epoch 5 time 0.1s train_loss 0.197642 val_loss 0.160933
epoch 6 time 0.1s train_loss 0.189785 val_loss 0.151975
epoch 7 time 0.1s train_loss 0.183658 val_loss 0.147299
epoch 8 time 0.1s train_loss 0.177552 val_loss 0.144053
epoch 9 time 0.1s train_loss 0.175286 val_loss 0.144059
epoch 10 time 0.1s train_loss 0.171927 val_loss 0.141590
epoch 11 time 0.1s train_loss 0.171123 val_loss 0.140993
epoch 12 time 0.1s train_loss 0.168533 val_loss 0.140881
epoch 13 time 0.1s train_loss 0.168705 val_loss 0.137140
epoch 14 time 0.1s train_loss 0.166350 val_loss 0.136219
epoch 15 time 0.1s train_loss 0.164799 val_loss 0.138859
epoch 16 time 0.1s train_loss 0.163312 val_loss 0.136343
epoch 17 time 0.1s train_loss 0.161717 val_loss 0.134963
epoch 18 time 0.1s train_loss 0.161525 val_loss 0.134822
epoch 19 time 0.1s train_loss 0.160368 val_loss 0.134681
epoch 20 time 0.1s train_loss 0.160062 val_loss 0.135733
epoch 21 time 0.1s train_loss 0.160088 val_loss 0.136498
epoch 22 time 0.1s train_loss 0.158998 val_loss 0.134301
epoch 23 time 0.1s train_loss 0.159067 val_loss 0.133934
epoch 24 time 0.1s train_loss 0.158115 val_loss 0.133652
epoch 25 time 0.1s train_loss 0.158323 val_loss 0.136321
epoch 26 time 0.1s train_loss 0.158597 val_loss 0.134744
epoch 27 time 0.1s train_loss 0.158322 val_loss 0.136962
epoch 28 time 0.1s train_loss 0.158419 val_loss 0.136330
epoch 29 time 0.1s train_loss 0.157780 val_loss 0.133945
epoch 30 time 0.1s train_loss 0.157169 val_loss 0.133173
epoch 31 time 0.1s train_loss 0.156269 val_loss 0.132874
epoch 32 time 0.1s train_loss 0.156480 val_loss 0.132393
epoch 33 time 0.1s train_loss 0.155842 val_loss 0.132384
epoch 34 time 0.1s train_loss 0.154697 val_loss 0.132234
epoch 35 time 0.1s train_loss 0.155286 val_loss 0.131937
epoch 36 time 0.1s train_loss 0.155299 val_loss 0.132754
epoch 37 time 0.1s train_loss 0.154898 val_loss 0.133855
epoch 38 time 0.1s train_loss 0.154571 val_loss 0.131909
epoch 39 time 0.1s train_loss 0.154532 val_loss 0.132795
epoch 40 time 0.1s train_loss 0.154253 val_loss 0.132118
epoch 41 time 0.1s train_loss 0.154089 val_loss 0.130816
epoch 42 time 0.1s train_loss 0.154122 val_loss 0.130908
epoch 43 time 0.1s train_loss 0.153335 val_loss 0.131196
epoch 44 time 0.1s train_loss 0.152700 val_loss 0.131419
epoch 45 time 0.1s train_loss 0.152763 val_loss 0.130095
epoch 46 time 0.1s train_loss 0.152580 val_loss 0.132276
epoch 47 time 0.1s train_loss 0.153390 val_loss 0.134497
epoch 48 time 0.1s train_loss 0.153764 val_loss 0.133469
epoch 49 time 0.1s train_loss 0.154222 val_loss 0.134916
epoch 50 time 0.1s train_loss 0.153678 val_loss 0.132962
epoch 51 time 0.1s train_loss 0.152923 val_loss 0.130159
epoch 52 time 0.1s train_loss 0.152758 val_loss 0.130115
epoch 53 time 0.1s train_loss 0.152168 val_loss 0.130312
epoch 54 time 0.1s train_loss 0.151633 val_loss 0.131422
epoch 55 time 0.1s train_loss 0.151778 val_loss 0.131137
epoch 56 time 0.1s train_loss 0.151699 val_loss 0.130775
epoch 57 time 0.1s train_loss 0.153219 val_loss 0.134241
epoch 58 time 0.1s train_loss 0.153153 val_loss 0.130240
epoch 59 time 0.1s train_loss 0.152067 val_loss 0.131757
epoch 60 time 0.1s train_loss 0.151998 val_loss 0.130128
early stopping at epoch 60
test metrics (original space): {'MSE': 106.99420166015625, 'RMSE': 10.34380054473877, 'MAE': 5.385875701904297, 'MAPE': 45.578365325927734, 'R2': 0.9178900122642517, 'PCC': 0.9658778928063576}
saved run -> /home/b5by/zhirong.b5by/work/shanghai_new/outputs/save_shanghai_demand_gru/260707081555
