device: cuda:0
train speed mean=19.013 std=3.947 km/h
train/val/test samples: 1009 144 144
in_dim=8  out_dim=1  feature_names=[np.str_('median_speed_kmh'), np.str_('temp_max_c'), np.str_('temp_min_c'), np.str_('precip_mm'), np.str_('windspeed_max_kmh'), np.str_('humidity_pct'), np.str_('is_weekend_flag'), np.str_('is_holiday_flag')]
params: 36737
epoch 0 time 1.1s train_loss 0.838913 val_loss 0.585284
epoch 1 time 0.1s train_loss 0.419405 val_loss 0.211875
epoch 2 time 0.0s train_loss 0.204632 val_loss 0.112052
epoch 3 time 0.0s train_loss 0.127650 val_loss 0.077167
epoch 4 time 0.0s train_loss 0.095760 val_loss 0.053669
epoch 5 time 0.0s train_loss 0.074937 val_loss 0.042325
epoch 6 time 0.0s train_loss 0.062722 val_loss 0.037349
epoch 7 time 0.0s train_loss 0.054232 val_loss 0.034745
epoch 8 time 0.0s train_loss 0.050140 val_loss 0.036277
epoch 9 time 0.0s train_loss 0.047280 val_loss 0.036576
epoch 10 time 0.0s train_loss 0.046062 val_loss 0.034716
epoch 11 time 0.0s train_loss 0.044916 val_loss 0.033040
epoch 12 time 0.0s train_loss 0.044269 val_loss 0.033607
epoch 13 time 0.0s train_loss 0.044267 val_loss 0.033777
epoch 14 time 0.0s train_loss 0.041720 val_loss 0.032201
epoch 15 time 0.0s train_loss 0.040680 val_loss 0.031671
epoch 16 time 0.0s train_loss 0.040889 val_loss 0.032178
epoch 17 time 0.0s train_loss 0.039798 val_loss 0.031117
epoch 18 time 0.0s train_loss 0.040052 val_loss 0.032403
epoch 19 time 0.0s train_loss 0.039240 val_loss 0.032736
epoch 20 time 0.0s train_loss 0.040522 val_loss 0.031471
epoch 21 time 0.1s train_loss 0.039881 val_loss 0.030762
epoch 22 time 0.0s train_loss 0.038184 val_loss 0.030854
epoch 23 time 0.0s train_loss 0.037822 val_loss 0.031685
epoch 24 time 0.0s train_loss 0.038397 val_loss 0.030284
epoch 25 time 0.0s train_loss 0.038355 val_loss 0.029904
epoch 26 time 0.0s train_loss 0.042199 val_loss 0.030908
epoch 27 time 0.0s train_loss 0.040553 val_loss 0.032506
epoch 28 time 0.0s train_loss 0.039213 val_loss 0.030381
epoch 29 time 0.0s train_loss 0.038893 val_loss 0.029365
epoch 30 time 0.0s train_loss 0.038437 val_loss 0.030878
epoch 31 time 0.0s train_loss 0.037236 val_loss 0.030867
epoch 32 time 0.0s train_loss 0.038483 val_loss 0.031837
epoch 33 time 0.0s train_loss 0.036681 val_loss 0.029886
epoch 34 time 0.1s train_loss 0.037914 val_loss 0.032754
epoch 35 time 0.0s train_loss 0.038185 val_loss 0.030360
epoch 36 time 0.0s train_loss 0.035403 val_loss 0.029924
epoch 37 time 0.1s train_loss 0.036349 val_loss 0.029187
epoch 38 time 0.0s train_loss 0.037155 val_loss 0.031026
epoch 39 time 0.0s train_loss 0.035007 val_loss 0.029213
epoch 40 time 0.1s train_loss 0.036513 val_loss 0.028931
epoch 41 time 0.0s train_loss 0.037631 val_loss 0.033408
epoch 42 time 0.0s train_loss 0.036116 val_loss 0.028621
epoch 43 time 0.0s train_loss 0.034924 val_loss 0.027815
epoch 44 time 0.0s train_loss 0.035385 val_loss 0.032749
epoch 45 time 0.0s train_loss 0.035889 val_loss 0.029757
epoch 46 time 0.0s train_loss 0.036484 val_loss 0.032510
epoch 47 time 0.0s train_loss 0.035627 val_loss 0.028695
epoch 48 time 0.0s train_loss 0.033225 val_loss 0.030028
epoch 49 time 0.0s train_loss 0.034515 val_loss 0.029293
epoch 50 time 0.0s train_loss 0.032652 val_loss 0.027958
epoch 51 time 0.0s train_loss 0.033828 val_loss 0.027458
epoch 52 time 0.0s train_loss 0.035385 val_loss 0.027000
epoch 53 time 0.0s train_loss 0.032128 val_loss 0.028508
epoch 54 time 0.0s train_loss 0.032280 val_loss 0.030611
epoch 55 time 0.0s train_loss 0.032734 val_loss 0.028268
epoch 56 time 0.0s train_loss 0.033546 val_loss 0.026412
epoch 57 time 0.0s train_loss 0.035838 val_loss 0.028125
epoch 58 time 0.0s train_loss 0.034779 val_loss 0.027862
epoch 59 time 0.0s train_loss 0.030340 val_loss 0.026174
epoch 60 time 0.0s train_loss 0.032524 val_loss 0.026232
epoch 61 time 0.0s train_loss 0.032205 val_loss 0.026999
epoch 62 time 0.0s train_loss 0.031415 val_loss 0.027962
epoch 63 time 0.0s train_loss 0.030479 val_loss 0.025977
epoch 64 time 0.0s train_loss 0.030472 val_loss 0.026160
epoch 65 time 0.0s train_loss 0.030803 val_loss 0.027084
epoch 66 time 0.0s train_loss 0.030958 val_loss 0.029408
epoch 67 time 0.0s train_loss 0.030323 val_loss 0.025266
epoch 68 time 0.0s train_loss 0.027390 val_loss 0.024559
epoch 69 time 0.0s train_loss 0.028142 val_loss 0.025906
epoch 70 time 0.0s train_loss 0.028585 val_loss 0.025023
epoch 71 time 0.0s train_loss 0.029120 val_loss 0.026291
epoch 72 time 0.0s train_loss 0.026810 val_loss 0.025390
epoch 73 time 0.0s train_loss 0.025821 val_loss 0.025729
epoch 74 time 0.0s train_loss 0.026234 val_loss 0.024819
epoch 75 time 0.0s train_loss 0.023903 val_loss 0.023228
epoch 76 time 0.0s train_loss 0.026090 val_loss 0.023821
epoch 77 time 0.0s train_loss 0.023894 val_loss 0.024270
epoch 78 time 0.0s train_loss 0.024911 val_loss 0.022210
epoch 79 time 0.0s train_loss 0.024746 val_loss 0.025127
epoch 80 time 0.0s train_loss 0.025104 val_loss 0.022569
epoch 81 time 0.0s train_loss 0.024184 val_loss 0.025160
epoch 82 time 0.0s train_loss 0.024975 val_loss 0.022608
epoch 83 time 0.0s train_loss 0.022751 val_loss 0.024639
epoch 84 time 0.0s train_loss 0.024460 val_loss 0.022772
epoch 85 time 0.0s train_loss 0.022184 val_loss 0.024976
epoch 86 time 0.0s train_loss 0.022976 val_loss 0.025502
epoch 87 time 0.0s train_loss 0.021952 val_loss 0.023769
epoch 88 time 0.0s train_loss 0.020625 val_loss 0.022978
epoch 89 time 0.0s train_loss 0.020516 val_loss 0.022017
epoch 90 time 0.0s train_loss 0.023379 val_loss 0.021030
epoch 91 time 0.0s train_loss 0.021586 val_loss 0.020734
epoch 92 time 0.0s train_loss 0.022011 val_loss 0.023793
epoch 93 time 0.0s train_loss 0.021880 val_loss 0.020214
epoch 94 time 0.0s train_loss 0.020212 val_loss 0.019957
epoch 95 time 0.0s train_loss 0.019115 val_loss 0.018726
epoch 96 time 0.0s train_loss 0.021151 val_loss 0.020879
epoch 97 time 0.0s train_loss 0.019066 val_loss 0.017313
epoch 98 time 0.0s train_loss 0.021828 val_loss 0.020054
epoch 99 time 0.0s train_loss 0.021768 val_loss 0.019217
test metrics (z-score space): {'MSE': 0.04403974488377571, 'RMSE': 0.20985648036003113, 'MAE': 0.12777934968471527, 'MAPE': 28.21232032775879}
test metrics (km/h space): {'MSE': 0.6860412955284119, 'RMSE': 0.8282760977745056, 'MAE': 0.5043284296989441, 'MAPE': 2.5719025135040283, 'R2': 0.9637047052383423, 'PCC': 0.9847349174383778}
saved run -> /home/b5by/zhirong.b5by/work/shanghai_new/outputs/save_shanghai_speed_gru/260717161255_71293
