device: cuda:0
train/val/test samples: 1008 144 144
in_dim=2  out_dim=2  feature_names=[np.str_('origin_demand'), np.str_('destination_demand')]
params: 34498
epoch 0 time 0.9s train_loss 1.169592 val_loss 0.683415
epoch 1 time 0.1s train_loss 0.391497 val_loss 0.272545
epoch 2 time 0.1s train_loss 0.236348 val_loss 0.183697
epoch 3 time 0.1s train_loss 0.201632 val_loss 0.164518
epoch 4 time 0.1s train_loss 0.191745 val_loss 0.160313
epoch 5 time 0.1s train_loss 0.188999 val_loss 0.158303
epoch 6 time 0.1s train_loss 0.187343 val_loss 0.157345
epoch 7 time 0.1s train_loss 0.185540 val_loss 0.155686
epoch 8 time 0.1s train_loss 0.183110 val_loss 0.153810
epoch 9 time 0.1s train_loss 0.182109 val_loss 0.152876
epoch 10 time 0.1s train_loss 0.178703 val_loss 0.150591
epoch 11 time 0.1s train_loss 0.177435 val_loss 0.148843
epoch 12 time 0.1s train_loss 0.175376 val_loss 0.147351
epoch 13 time 0.1s train_loss 0.173908 val_loss 0.146119
epoch 14 time 0.1s train_loss 0.173069 val_loss 0.146408
epoch 15 time 0.1s train_loss 0.171635 val_loss 0.143798
epoch 16 time 0.1s train_loss 0.170274 val_loss 0.143078
epoch 17 time 0.1s train_loss 0.168750 val_loss 0.143527
epoch 18 time 0.1s train_loss 0.168746 val_loss 0.141924
epoch 19 time 0.1s train_loss 0.166867 val_loss 0.141722
epoch 20 time 0.1s train_loss 0.166624 val_loss 0.140663
epoch 21 time 0.1s train_loss 0.165932 val_loss 0.140306
epoch 22 time 0.1s train_loss 0.165241 val_loss 0.139828
epoch 23 time 0.1s train_loss 0.164673 val_loss 0.139104
epoch 24 time 0.1s train_loss 0.163871 val_loss 0.138568
epoch 25 time 0.1s train_loss 0.163114 val_loss 0.138921
epoch 26 time 0.1s train_loss 0.162472 val_loss 0.139353
epoch 27 time 0.1s train_loss 0.162284 val_loss 0.138491
epoch 28 time 0.1s train_loss 0.161410 val_loss 0.136817
epoch 29 time 0.1s train_loss 0.160834 val_loss 0.135248
epoch 30 time 0.1s train_loss 0.159719 val_loss 0.134622
epoch 31 time 0.1s train_loss 0.159188 val_loss 0.135376
epoch 32 time 0.1s train_loss 0.158626 val_loss 0.133414
epoch 33 time 0.1s train_loss 0.156717 val_loss 0.131964
epoch 34 time 0.1s train_loss 0.155957 val_loss 0.131131
epoch 35 time 0.1s train_loss 0.155737 val_loss 0.131435
epoch 36 time 0.1s train_loss 0.153709 val_loss 0.129808
epoch 37 time 0.1s train_loss 0.152832 val_loss 0.128383
epoch 38 time 0.1s train_loss 0.151109 val_loss 0.127341
epoch 39 time 0.1s train_loss 0.149611 val_loss 0.128165
epoch 40 time 0.1s train_loss 0.149283 val_loss 0.134103
epoch 41 time 0.1s train_loss 0.149566 val_loss 0.127561
epoch 42 time 0.1s train_loss 0.148372 val_loss 0.126522
epoch 43 time 0.1s train_loss 0.148201 val_loss 0.127119
epoch 44 time 0.1s train_loss 0.148091 val_loss 0.130933
epoch 45 time 0.1s train_loss 0.148251 val_loss 0.126268
epoch 46 time 0.1s train_loss 0.146791 val_loss 0.125299
epoch 47 time 0.1s train_loss 0.146353 val_loss 0.125550
epoch 48 time 0.1s train_loss 0.146274 val_loss 0.124760
epoch 49 time 0.1s train_loss 0.146834 val_loss 0.124904
epoch 50 time 0.1s train_loss 0.146773 val_loss 0.126230
epoch 51 time 0.1s train_loss 0.146093 val_loss 0.129300
epoch 52 time 0.1s train_loss 0.146419 val_loss 0.124225
epoch 53 time 0.1s train_loss 0.144939 val_loss 0.125347
epoch 54 time 0.1s train_loss 0.144328 val_loss 0.126887
epoch 55 time 0.1s train_loss 0.144490 val_loss 0.123841
epoch 56 time 0.1s train_loss 0.144242 val_loss 0.124214
epoch 57 time 0.1s train_loss 0.143894 val_loss 0.124162
epoch 58 time 0.1s train_loss 0.143440 val_loss 0.124954
epoch 59 time 0.1s train_loss 0.144179 val_loss 0.125680
epoch 60 time 0.1s train_loss 0.144514 val_loss 0.125209
epoch 61 time 0.1s train_loss 0.143805 val_loss 0.125338
epoch 62 time 0.1s train_loss 0.143104 val_loss 0.124371
epoch 63 time 0.1s train_loss 0.143002 val_loss 0.123584
epoch 64 time 0.1s train_loss 0.142408 val_loss 0.122792
epoch 65 time 0.1s train_loss 0.143163 val_loss 0.122740
epoch 66 time 0.1s train_loss 0.143878 val_loss 0.126451
epoch 67 time 0.1s train_loss 0.142883 val_loss 0.122264
epoch 68 time 0.1s train_loss 0.142587 val_loss 0.122126
epoch 69 time 0.1s train_loss 0.141852 val_loss 0.122479
epoch 70 time 0.1s train_loss 0.142147 val_loss 0.122333
epoch 71 time 0.1s train_loss 0.142247 val_loss 0.121817
epoch 72 time 0.1s train_loss 0.141215 val_loss 0.122442
epoch 73 time 0.1s train_loss 0.141739 val_loss 0.121792
epoch 74 time 0.1s train_loss 0.141678 val_loss 0.126516
epoch 75 time 0.1s train_loss 0.142360 val_loss 0.123692
epoch 76 time 0.1s train_loss 0.142908 val_loss 0.124294
epoch 77 time 0.1s train_loss 0.141188 val_loss 0.121545
epoch 78 time 0.1s train_loss 0.140424 val_loss 0.122995
epoch 79 time 0.1s train_loss 0.140715 val_loss 0.122434
epoch 80 time 0.1s train_loss 0.141337 val_loss 0.120987
epoch 81 time 0.1s train_loss 0.141140 val_loss 0.120994
epoch 82 time 0.1s train_loss 0.140525 val_loss 0.120476
epoch 83 time 0.1s train_loss 0.140544 val_loss 0.120446
epoch 84 time 0.1s train_loss 0.140176 val_loss 0.121126
epoch 85 time 0.1s train_loss 0.140489 val_loss 0.120870
epoch 86 time 0.1s train_loss 0.140450 val_loss 0.120514
epoch 87 time 0.1s train_loss 0.139859 val_loss 0.120478
epoch 88 time 0.1s train_loss 0.140812 val_loss 0.121532
epoch 89 time 0.1s train_loss 0.139658 val_loss 0.119854
epoch 90 time 0.1s train_loss 0.139889 val_loss 0.120020
epoch 91 time 0.1s train_loss 0.139867 val_loss 0.119637
epoch 92 time 0.1s train_loss 0.139485 val_loss 0.120717
epoch 93 time 0.1s train_loss 0.139695 val_loss 0.119910
epoch 94 time 0.1s train_loss 0.139816 val_loss 0.120197
epoch 95 time 0.1s train_loss 0.140022 val_loss 0.120372
epoch 96 time 0.1s train_loss 0.139674 val_loss 0.119399
epoch 97 time 0.1s train_loss 0.139364 val_loss 0.119387
epoch 98 time 0.1s train_loss 0.139558 val_loss 0.119545
epoch 99 time 0.1s train_loss 0.139387 val_loss 0.119266
test metrics (original space): {'MSE': 134.25967407226562, 'RMSE': 11.587047576904297, 'MAE': 5.546700477600098, 'MAPE': 45.255149841308594, 'R2': 0.8969658017158508, 'PCC': 0.9572999003922774}
saved run -> /home/b5by/zhirong.b5by/work/shanghai_new/outputs/save_shanghai_demand_gru/260707074748
