device: cuda:0
train/val/test samples: 1008 144 144
in_dim=2  out_dim=2  n_sites=30  adjacency nonzero frac (off-diag)=0.249
params: 58690
epoch 0 time 0.8s train_loss 1.091675 val_loss 0.549311
epoch 1 time 0.1s train_loss 0.382155 val_loss 0.272623
epoch 2 time 0.1s train_loss 0.262473 val_loss 0.197458
epoch 3 time 0.1s train_loss 0.210626 val_loss 0.163676
epoch 4 time 0.1s train_loss 0.193626 val_loss 0.154386
epoch 5 time 0.1s train_loss 0.184341 val_loss 0.147836
epoch 6 time 0.1s train_loss 0.176873 val_loss 0.139497
epoch 7 time 0.1s train_loss 0.170295 val_loss 0.135513
epoch 8 time 0.1s train_loss 0.163341 val_loss 0.131104
epoch 9 time 0.1s train_loss 0.159438 val_loss 0.128142
epoch 10 time 0.1s train_loss 0.156228 val_loss 0.128645
epoch 11 time 0.1s train_loss 0.155250 val_loss 0.125439
epoch 12 time 0.1s train_loss 0.152531 val_loss 0.125461
epoch 13 time 0.1s train_loss 0.152626 val_loss 0.123562
epoch 14 time 0.1s train_loss 0.150415 val_loss 0.123135
epoch 15 time 0.1s train_loss 0.148810 val_loss 0.125525
epoch 16 time 0.1s train_loss 0.147845 val_loss 0.122212
epoch 17 time 0.1s train_loss 0.146631 val_loss 0.122070
epoch 18 time 0.1s train_loss 0.146828 val_loss 0.121737
epoch 19 time 0.1s train_loss 0.145620 val_loss 0.122377
epoch 20 time 0.1s train_loss 0.145714 val_loss 0.125955
epoch 21 time 0.1s train_loss 0.145824 val_loss 0.121404
epoch 22 time 0.1s train_loss 0.144361 val_loss 0.121170
epoch 23 time 0.1s train_loss 0.144895 val_loss 0.124275
epoch 24 time 0.1s train_loss 0.144137 val_loss 0.123760
epoch 25 time 0.1s train_loss 0.144439 val_loss 0.124382
epoch 26 time 0.1s train_loss 0.143870 val_loss 0.123257
epoch 27 time 0.1s train_loss 0.144357 val_loss 0.121310
epoch 28 time 0.1s train_loss 0.143737 val_loss 0.121618
epoch 29 time 0.1s train_loss 0.143122 val_loss 0.121219
epoch 30 time 0.1s train_loss 0.143075 val_loss 0.121510
epoch 31 time 0.1s train_loss 0.142774 val_loss 0.120385
epoch 32 time 0.1s train_loss 0.143037 val_loss 0.119920
epoch 33 time 0.1s train_loss 0.141940 val_loss 0.119856
epoch 34 time 0.1s train_loss 0.141322 val_loss 0.122020
epoch 35 time 0.1s train_loss 0.141548 val_loss 0.119097
epoch 36 time 0.1s train_loss 0.141326 val_loss 0.119858
epoch 37 time 0.1s train_loss 0.141201 val_loss 0.124504
epoch 38 time 0.1s train_loss 0.141369 val_loss 0.118990
epoch 39 time 0.1s train_loss 0.139769 val_loss 0.119471
epoch 40 time 0.1s train_loss 0.139759 val_loss 0.120707
epoch 41 time 0.1s train_loss 0.140565 val_loss 0.118198
epoch 42 time 0.1s train_loss 0.140120 val_loss 0.119298
epoch 43 time 0.1s train_loss 0.139586 val_loss 0.119992
epoch 44 time 0.1s train_loss 0.139147 val_loss 0.120726
epoch 45 time 0.1s train_loss 0.139401 val_loss 0.118079
epoch 46 time 0.1s train_loss 0.139159 val_loss 0.119056
epoch 47 time 0.1s train_loss 0.139726 val_loss 0.122705
epoch 48 time 0.1s train_loss 0.140387 val_loss 0.117842
epoch 49 time 0.1s train_loss 0.140289 val_loss 0.119471
epoch 50 time 0.1s train_loss 0.139781 val_loss 0.117893
epoch 51 time 0.1s train_loss 0.138825 val_loss 0.117271
epoch 52 time 0.1s train_loss 0.138998 val_loss 0.118307
epoch 53 time 0.1s train_loss 0.138561 val_loss 0.117372
epoch 54 time 0.1s train_loss 0.137769 val_loss 0.118682
epoch 55 time 0.1s train_loss 0.137955 val_loss 0.119000
epoch 56 time 0.1s train_loss 0.137879 val_loss 0.118067
epoch 57 time 0.1s train_loss 0.138964 val_loss 0.124240
epoch 58 time 0.1s train_loss 0.139578 val_loss 0.119022
epoch 59 time 0.1s train_loss 0.138544 val_loss 0.119328
epoch 60 time 0.1s train_loss 0.138596 val_loss 0.118177
epoch 61 time 0.1s train_loss 0.138046 val_loss 0.116904
epoch 62 time 0.1s train_loss 0.138025 val_loss 0.116749
epoch 63 time 0.1s train_loss 0.137778 val_loss 0.117855
epoch 64 time 0.1s train_loss 0.137637 val_loss 0.117070
epoch 65 time 0.1s train_loss 0.137527 val_loss 0.116702
epoch 66 time 0.1s train_loss 0.137345 val_loss 0.116666
epoch 67 time 0.1s train_loss 0.136597 val_loss 0.119156
epoch 68 time 0.1s train_loss 0.137948 val_loss 0.120470
epoch 69 time 0.1s train_loss 0.137290 val_loss 0.118081
epoch 70 time 0.1s train_loss 0.137100 val_loss 0.117317
epoch 71 time 0.1s train_loss 0.136581 val_loss 0.116628
epoch 72 time 0.1s train_loss 0.137209 val_loss 0.118544
epoch 73 time 0.1s train_loss 0.136887 val_loss 0.118312
epoch 74 time 0.1s train_loss 0.138198 val_loss 0.122181
epoch 75 time 0.1s train_loss 0.137243 val_loss 0.118517
epoch 76 time 0.1s train_loss 0.138230 val_loss 0.118108
epoch 77 time 0.1s train_loss 0.137276 val_loss 0.116286
epoch 78 time 0.1s train_loss 0.136364 val_loss 0.118325
epoch 79 time 0.1s train_loss 0.136896 val_loss 0.117237
epoch 80 time 0.1s train_loss 0.137097 val_loss 0.119173
epoch 81 time 0.1s train_loss 0.136545 val_loss 0.118550
epoch 82 time 0.1s train_loss 0.136754 val_loss 0.116751
epoch 83 time 0.1s train_loss 0.136261 val_loss 0.115995
epoch 84 time 0.1s train_loss 0.135926 val_loss 0.116067
epoch 85 time 0.1s train_loss 0.136748 val_loss 0.116285
epoch 86 time 0.1s train_loss 0.136770 val_loss 0.119457
epoch 87 time 0.1s train_loss 0.135773 val_loss 0.118448
epoch 88 time 0.1s train_loss 0.135838 val_loss 0.117028
epoch 89 time 0.1s train_loss 0.135300 val_loss 0.116270
epoch 90 time 0.1s train_loss 0.135526 val_loss 0.117471
epoch 91 time 0.1s train_loss 0.135388 val_loss 0.118257
epoch 92 time 0.1s train_loss 0.136103 val_loss 0.120486
epoch 93 time 0.1s train_loss 0.136004 val_loss 0.116718
epoch 94 time 0.1s train_loss 0.135271 val_loss 0.116565
epoch 95 time 0.1s train_loss 0.135770 val_loss 0.116491
epoch 96 time 0.1s train_loss 0.135639 val_loss 0.116943
epoch 97 time 0.1s train_loss 0.135122 val_loss 0.116095
epoch 98 time 0.1s train_loss 0.135541 val_loss 0.116238
early stopping at epoch 98
test metrics (original space): {'MSE': 117.06629180908203, 'RMSE': 10.819717407226562, 'MAE': 5.483392715454102, 'MAPE': 45.57624816894531, 'R2': 0.9101604223251343, 'PCC': 0.9672109050558786}
saved run -> /home/b5by/zhirong.b5by/work/shanghai_new/outputs/save_shanghai_demand_gru/260707081555
